ASxxxx Linker V03.00/V05.40 + sdld,  page 1.
Hexadecimal  [32-Bits]

Area                                    Addr        Size        Decimal Bytes (Attributes)
--------------------------------        ----        ----        ------- ----- ------------
.  .ABS.                            00000000    00000000 =           0. bytes (ABS,CON)

      Value  Global                              Global Defined In Module
      -----  --------------------------------   ------------------------
     00000000  .__.ABS.                           
     00000000  _rRAMG                             
     00000000  l__BASE                         
     00000000  l__BSS                          
     00000000  l__CABS                         
     00000000  l__CODE_0                       
     00000000  l__CRASH_HEADER                 
     00000000  l__CRASH_SCRATCH                
     00000000  l__DABS                         
     00000000  l__HEADER                       
     00000000  l__HEADER_LCD                   
     00000000  l__HEADER_SIO                   
     00000000  l__HEADER_TIMER                 
     00000000  l__HEAP                         
     00000000  l__HEAP_END                     
     00000000  l__HRAM                         
     00000000  l__LIT                          
     00000000  s__CABS                         
     00000000  s__CRASH_HEADER                 
     00000000  s__CRASH_HEADER0                
     00000000  s__CRASH_HEADER1                
     00000000  s__CRASH_SCRATCH                
     00000000  s__CRASH_SCRATCH2               
     00000000  s__DABS                         
     00000000  s__HEADER                       
     00000000  s__HEADER0                      
     00000000  s__HEADER1                      
     00000000  s__HEADER10                     
     00000000  s__HEADER11                     
     00000000  s__HEADER2                      
     00000000  s__HEADER3                      
     00000000  s__HEADER4                      
     00000000  s__HEADER5                      
     00000000  s__HEADER6                      
     00000000  s__HEADER7                      
     00000000  s__HEADER8                      
     00000000  s__HEADER9                      
     00000000  s__HEADER_LCD                   
     00000000  s__HEADER_LCD0                  
     00000000  s__HEADER_SIO                   
     00000000  s__HEADER_SIO0                  
     00000000  s__HEADER_TIMER                 
     00000000  s__HEADER_TIMER0                
     00000000  s__HEADERa                      
     00000000  s__HEADERb                      
     00000000  s__HEADERc                      
     00000000  s__HEADERd                      
     00000000  s__HEADERe                      
     00000000  s__HEADERf                      
     00000000  s__HRAM                         
ASxxxx Linker V03.00/V05.40 + sdld,  page 2.
Hexadecimal  [32-Bits]

Area                                    Addr        Size        Decimal Bytes (Attributes)
--------------------------------        ----        ----        ------- ----- ------------
.  .ABS.                            00000000    00000000 =           0. bytes (ABS,CON)

      Value  Global                              Global Defined In Module
      -----  --------------------------------   ------------------------
     00000000  s__HRAM12                       
     00000001  ___bank_ACTOR                      actor
     00000001  ___bank_VM_ACTOR                   vm_actor
     00000001  ___bank_VM_SGB                     vm_sgb
     00000001  ___bank_actor_angry_guy_interact   actor_angry_guy_interact
     00000001  ___bank_bg_titlescreen_herdamlim   bg_titlescreen_herdamlimit_t
     00000001  b_activate_actor                   actor
     00000001  b_activate_actors_in_col           actor
     00000001  b_activate_actors_in_row           actor
     00000001  b_actor_at_tile                    actor
     00000001  b_actor_get_frame_offset           actor
     00000001  b_actor_in_front_of_player         actor
     00000001  b_actor_overlapping_bb             actor
     00000001  b_actor_overlapping_player         actor
     00000001  b_actor_set_anim_idle              actor
     00000001  b_actor_set_anim_moving            actor
     00000001  b_actor_set_dir                    actor
     00000001  b_actor_set_frame_offset           actor
     00000001  b_actor_set_frames                 actor
     00000001  b_actors_handle_player_collision   actor
     00000001  b_actors_init                      actor
     00000001  b_check_collision_in_direction     actor
     00000001  b_deactivate_actor                 actor
     00000001  b_player_init                      actor
     00000001  b_ui_draw_frame                    ui
     00000001  b_ui_draw_text_buffer_char         ui
     00000001  b_ui_init                          ui
     00000001  b_ui_load_tiles                    ui
     00000001  b_ui_run_menu                      ui
     00000001  b_ui_run_modal                     ui
     00000001  b_ui_set_start_tile                ui
     00000001  b_vm_actor_activate                vm_actor
     00000001  b_vm_actor_begin_update            vm_actor
     00000001  b_vm_actor_deactivate              vm_actor
     00000001  b_vm_actor_emote                   vm_actor
     00000001  b_vm_actor_get_angle               vm_actor
     00000001  b_vm_actor_get_anim_frame          vm_actor
     00000001  b_vm_actor_get_dir                 vm_actor
     00000001  b_vm_actor_get_pos                 vm_actor
     00000001  b_vm_actor_move_cancel             vm_actor
     00000001  b_vm_actor_move_to                 vm_actor
     00000001  b_vm_actor_replace_tile            vm_actor
     00000001  b_vm_actor_set_anim                vm_actor
     00000001  b_vm_actor_set_anim_frame          vm_actor
     00000001  b_vm_actor_set_anim_set            vm_actor
     00000001  b_vm_actor_set_anim_tick           vm_actor
     00000001  b_vm_actor_set_bounds              vm_actor
     00000001  b_vm_actor_set_dir                 vm_actor
     00000001  b_vm_actor_set_flags               vm_actor
     00000001  b_vm_actor_set_move_speed          vm_actor
     00000001  b_vm_actor_set_pos                 vm_actor
ASxxxx Linker V03.00/V05.40 + sdld,  page 3.
Hexadecimal  [32-Bits]

Area                                    Addr        Size        Decimal Bytes (Attributes)
--------------------------------        ----        ----        ------- ----- ------------
.  .ABS.                            00000000    00000000 =           0. bytes (ABS,CON)

      Value  Global                              Global Defined In Module
      -----  --------------------------------   ------------------------
     00000001  b_vm_actor_set_spritesheet         vm_actor
     00000001  b_vm_actor_set_spritesheet_by_re   vm_actor
     00000001  b_vm_actor_terminate_update        vm_actor
     00000001  l__GSFINAL                      
     00000001  l__HEADER0                      
     00000001  l__HEADER5                      
     00000001  l__HEADERa                      
     00000001  l__HEADERb                      
     00000001  l__HEADERc                      
     00000001  l__HEADERe                      
     00000001  l__HEADERf                      
     00000002  ___bank_VM_MAIN                    vm
     00000002  ___bank_bg_ende_gwunne_3_tileset   bg_ende_gwunne_3_tileset
     00000002  ___bank_font_gbs_variable_width    font_gbs_variable_width
     00000002  ___bank_scene_0_triggers           scene_0_triggers
     00000002  ___bank_song_plank_intro_Data      song_plank_intro_Data
     00000002  ___bank_song_plank_restaurant_Da   song_plank_restaurant_Data
     00000002  b_script_detach_hthread            vm
     00000002  b_script_execute                   vm
     00000002  b_script_runner_init               vm
     00000002  b_script_terminate                 vm
     00000002  b_vm_call                          vm
     00000002  b_vm_call_far                      vm
     00000002  b_vm_get_indirect                  vm
     00000002  b_vm_get_tlocal                    vm
     00000002  b_vm_idle                          vm
     00000002  b_vm_if                            vm
     00000002  b_vm_if_const                      vm
     00000002  b_vm_init_rng                      vm
     00000002  b_vm_invoke                        vm
     00000002  b_vm_join                          vm
     00000002  b_vm_jump                          vm
     00000002  b_vm_lock                          vm
     00000002  b_vm_loop                          vm
     00000002  b_vm_memcpy                        vm
     00000002  b_vm_memset                        vm
     00000002  b_vm_poll_loaded                   vm
     00000002  b_vm_pop                           vm
     00000002  b_vm_push                          vm
     00000002  b_vm_push_reference                vm
     00000002  b_vm_push_value                    vm
     00000002  b_vm_push_value_ind                vm
     00000002  b_vm_raise                         vm
     00000002  b_vm_rand                          vm
     00000002  b_vm_reserve                       vm
     00000002  b_vm_ret                           vm
     00000002  b_vm_ret_far                       vm
     00000002  b_vm_set                           vm
     00000002  b_vm_set_const                     vm
     00000002  b_vm_set_indirect                  vm
     00000002  b_vm_terminate                     vm
ASxxxx Linker V03.00/V05.40 + sdld,  page 4.
Hexadecimal  [32-Bits]

Area                                    Addr        Size        Decimal Bytes (Attributes)
--------------------------------        ----        ----        ------- ----- ------------
.  .ABS.                            00000000    00000000 =           0. bytes (ABS,CON)

      Value  Global                              Global Defined In Module
      -----  --------------------------------   ------------------------
     00000002  b_vm_test_terminate                vm
     00000002  b_vm_unlock                        vm
     00000002  b_wait_frames                      vm
     00000002  l__HEADER10                     
     00000002  l__HEADER6                      
     00000002  l__HEADERd                      
     00000003  ___bank_bg_computer_office         bg_computer_office
     00000003  ___bank_bg_sample_town_tilemap     bg_sample_town_tilemap
     00000003  ___bank_bg_sample_town_tilemap_a   bg_sample_town_tilemap_attr
     00000003  ___bank_scene_20_actors            scene_20_actors
     00000003  ___bank_scene_sample_town_collis   scene_sample_town_collisions
     00000003  ___bank_song_plank_lose_Data       song_plank_lose_Data
     00000003  ___bank_song_plank_office_Data     song_plank_office_Data
     00000003  b_projectile_launch                projectiles
     00000003  b_projectiles_init                 projectiles
     00000003  l__HEADER9                      
     00000003  l__HEADER_LCD0                  
     00000003  l__HRAM12                       
     00000004  ___bank_VM_SIO                     vm_sio
     00000004  ___bank_bg_computer_office_tiles   bg_computer_office_tileset
     00000004  ___bank_bg_logo_herdamlimit_tile   bg_logo_herdamlimit_tileset
     00000004  ___bank_bootstrap_script           
     00000004  ___bank_song_plank_guetnacht_Dat   song_plank_guetnacht_Data
     00000004  ___bank_song_plank_win_Data        song_plank_win_Data
     00000004  ___bank_song_rulz_outside_0_Data   song_rulz_outside_0_Data
     00000004  b_do_load_palette                  data_manager
     00000004  b_load_background                  data_manager
     00000004  b_load_bkg_tileset                 data_manager
     00000004  b_load_bounds                      data_manager
     00000004  b_load_emote                       data_manager
     00000004  b_load_init                        data_manager
     00000004  b_load_player                      data_manager
     00000004  b_load_scene                       data_manager
     00000004  b_load_sprite                      data_manager
     00000004  b_vm_sio_exchange                  vm_sio
     00000004  b_vm_sio_set_mode                  vm_sio
     00000004  l__CRASH_HEADER1                
     00000004  l__HEADER_SIO0                  
     00000004  l__HEADER_TIMER0                
     00000005  ___bank_VM_GAMEBOY                 vm_gameboy
     00000005  ___bank_VM_UI                      vm_ui
     00000005  ___bank_actor_31_interact          actor_31_interact
     00000005  ___bank_actor_33_interact          actor_33_interact
     00000005  ___bank_actor_43_update            actor_43_update
     00000005  ___bank_bg_ende_verlore_tileset    bg_ende_verlore_tileset
     00000005  ___bank_bg_guet_nacht_tileset      bg_guet_nacht_tileset
     00000005  ___bank_bg_kitchen2_tileset        bg_kitchen2_tileset
     00000005  b_scroll_init                      scroll
     00000005  b_scroll_repaint                   scroll
     00000005  b_scroll_reset                     scroll
     00000005  b_scroll_update                    scroll
ASxxxx Linker V03.00/V05.40 + sdld,  page 5.
Hexadecimal  [32-Bits]

Area                                    Addr        Size        Decimal Bytes (Attributes)
--------------------------------        ----        ----        ------- ----- ------------
.  .ABS.                            00000000    00000000 =           0. bytes (ABS,CON)

      Value  Global                              Global Defined In Module
      -----  --------------------------------   ------------------------
     00000005  b_topdown_init                     topdown
     00000005  b_topdown_update                   topdown
     00000005  b_vm_choice                        vm_ui
     00000005  b_vm_context_prepare               vm_gameboy
     00000005  b_vm_display_text                  vm_ui
     00000005  b_vm_fade                          vm_gameboy
     00000005  b_vm_get_tile_xy                   vm_gameboy
     00000005  b_vm_input_attach                  vm_gameboy
     00000005  b_vm_input_detach                  vm_gameboy
     00000005  b_vm_input_get                     vm_gameboy
     00000005  b_vm_input_wait                    vm_gameboy
     00000005  b_vm_load_tileset                  vm_gameboy
     00000005  b_vm_overlay_clear                 vm_ui
     00000005  b_vm_overlay_move_to               vm_ui
     00000005  b_vm_overlay_scroll                vm_ui
     00000005  b_vm_overlay_set_map               vm_ui
     00000005  b_vm_overlay_set_scroll            vm_ui
     00000005  b_vm_overlay_set_submap            vm_ui
     00000005  b_vm_overlay_set_submap_ex         vm_ui
     00000005  b_vm_overlay_setpos                vm_ui
     00000005  b_vm_overlay_show                  vm_ui
     00000005  b_vm_overlay_wait                  vm_ui
     00000005  b_vm_poll                          vm_gameboy
     00000005  b_vm_replace_tile                  vm_gameboy
     00000005  b_vm_replace_tile_xy               vm_gameboy
     00000005  b_vm_rumble                        vm_gameboy
     00000005  b_vm_set_font                      vm_ui
     00000005  b_vm_set_sprite_mode               vm_gameboy
     00000005  b_vm_set_sprites_visible           vm_gameboy
     00000005  b_vm_set_text_sound                vm_ui
     00000005  b_vm_switch_text_layer             vm_ui
     00000005  b_vm_timer_prepare                 vm_gameboy
     00000005  b_vm_timer_reset                   vm_gameboy
     00000005  b_vm_timer_set                     vm_gameboy
     00000005  b_vm_timer_stop                    vm_gameboy
     00000005  l__CRASH_HEADER0                
     00000005  l__HEADER1                      
     00000006  ___bank_VM_PALETTE                 vm_palette
     00000006  ___bank_actor_20_interact          actor_20_interact
     00000006  ___bank_actor_24_interact          actor_24_interact
     00000006  ___bank_actor_26_interact          actor_26_interact
     00000006  ___bank_actor_27_interact          actor_27_interact
     00000006  ___bank_actor_28_interact          actor_28_interact
     00000006  ___bank_actor_29_interact          actor_29_interact
     00000006  ___bank_actor_32_interact          actor_32_interact
     00000006  ___bank_bg_ende_gwunne_1_tileset   bg_ende_gwunne_1_tileset
     00000006  ___bank_bg_ende_gwunne_2_tileset   bg_ende_gwunne_2_tileset
     00000006  ___bank_bg_sample_town_tileset     bg_sample_town_tileset
     00000006  ___bank_scene_15_init              scene_15_init
     00000006  ___bank_scene_20_init              scene_20_init
     00000006  b_vm_load_palette                  vm_palette
ASxxxx Linker V03.00/V05.40 + sdld,  page 6.
Hexadecimal  [32-Bits]

Area                                    Addr        Size        Decimal Bytes (Attributes)
--------------------------------        ----        ----        ------- ----- ------------
.  .ABS.                            00000000    00000000 =           0. bytes (ABS,CON)

      Value  Global                              Global Defined In Module
      -----  --------------------------------   ------------------------
     00000006  l__HEADER8                      
     00000007  ___bank_VM_CAMERA                  vm_camera
     00000007  ___bank_actor_18_interact          actor_18_interact
     00000007  ___bank_actor_19_interact          actor_19_interact
     00000007  ___bank_actor_22_interact          actor_22_interact
     00000007  ___bank_actor_55_interact          actor_55_interact
     00000007  ___bank_bg_office_tileset          bg_office_tileset
     00000007  ___bank_bg_stars_tilemap           bg_stars_tilemap
     00000007  ___bank_bg_stars_tilemap_attr      bg_stars_tilemap_attr
     00000007  ___bank_scene_15_collisions        scene_15_collisions
     00000007  ___bank_scene_sample_town_actors   scene_sample_town_actors
     00000007  ___bank_scene_sample_town_sprite   scene_sample_town_sprites
     00000007  b___HandleCrash_banked             
     00000007  b_atan2                            math_atan2
     00000007  b_camera_shake_frames              vm_camera
     00000007  b_core_reset                       core
     00000007  b_core_run                         core
     00000007  b_data_clear                       load_save
     00000007  b_data_init                        load_save
     00000007  b_data_load                        load_save
     00000007  b_data_peek                        load_save
     00000007  b_data_save                        load_save
     00000007  b_fade_applypalettechange          fade_manager
     00000007  b_fade_in                          fade_manager
     00000007  b_fade_in_modal                    fade_manager
     00000007  b_fade_init                        fade_manager
     00000007  b_fade_out                         fade_manager
     00000007  b_fade_out_modal                   fade_manager
     00000007  b_fade_setspeed                    fade_manager
     00000007  b_fade_update                      fade_manager
     00000007  b_gbprinter_detect                 gbprinter
     00000007  b_gbprinter_print_overlay          gbprinter
     00000007  b_pointnclick_init                 pointnclick
     00000007  b_pointnclick_update               pointnclick
     00000007  b_set_sgb_border                   sgb_border
     00000007  b_trigger_activate_at              trigger
     00000007  b_trigger_activate_at_intersecti   trigger
     00000007  b_trigger_at_intersection          trigger
     00000007  b_trigger_at_tile                  trigger
     00000007  b_trigger_interact                 trigger
     00000007  b_trigger_reset                    trigger
     00000007  b_vm_camera_move_to                vm_camera
     00000007  b_vm_camera_set_pos                vm_camera
     00000007  l__HEADER2                      
     00000008  ___bank_VM_MATH                    vm_math
     00000008  ___bank_VM_MUSIC                   vm_music
     00000008  ___bank_actor_43_interact          actor_43_interact
     00000008  ___bank_actor_pet_owner_update     actor_pet_owner_update
     00000008  ___bank_bg_computer_office_tilem   bg_computer_office_tilemap
     00000008  ___bank_bg_computer_office_tilem   bg_computer_office_tilemap_a
     00000008  ___bank_bg_ende_gwunne_1_tilemap   bg_ende_gwunne_1_tilemap
ASxxxx Linker V03.00/V05.40 + sdld,  page 7.
Hexadecimal  [32-Bits]

Area                                    Addr        Size        Decimal Bytes (Attributes)
--------------------------------        ----        ----        ------- ----- ------------
.  .ABS.                            00000000    00000000 =           0. bytes (ABS,CON)

      Value  Global                              Global Defined In Module
      -----  --------------------------------   ------------------------
     00000008  ___bank_bg_ende_gwunne_1_tilemap   bg_ende_gwunne_1_tilemap_att
     00000008  ___bank_bg_ende_gwunne_2_tilemap   bg_ende_gwunne_2_tilemap
     00000008  ___bank_bg_ende_gwunne_2_tilemap   bg_ende_gwunne_2_tilemap_att
     00000008  ___bank_bg_ende_gwunne_3_tilemap   bg_ende_gwunne_3_tilemap
     00000008  ___bank_bg_ende_gwunne_3_tilemap   bg_ende_gwunne_3_tilemap_att
     00000008  ___bank_bg_ende_verlore_tilemap    bg_ende_verlore_tilemap
     00000008  ___bank_bg_ende_verlore_tilemap_   bg_ende_verlore_tilemap_attr
     00000008  ___bank_bg_guet_nacht_tilemap      bg_guet_nacht_tilemap
     00000008  ___bank_bg_guet_nacht_tilemap_at   bg_guet_nacht_tilemap_attr
     00000008  ___bank_bg_kitchen2_tilemap        bg_kitchen2_tilemap
     00000008  ___bank_bg_kitchen2_tilemap_attr   bg_kitchen2_tilemap_attr
     00000008  ___bank_bg_logo_herdamlimit_tile   bg_logo_herdamlimit_tilemap
     00000008  ___bank_bg_logo_herdamlimit_tile   bg_logo_herdamlimit_tilemap_
     00000008  ___bank_bg_office_tilemap          bg_office_tilemap
     00000008  ___bank_bg_office_tilemap_attr     bg_office_tilemap_attr
     00000008  ___bank_bg_titlescreen_herdamlim   bg_titlescreen_herdamlimit_t
     00000008  ___bank_bg_titlescreen_herdamlim   bg_titlescreen_herdamlimit_t
     00000008  ___bank_scene_0_collisions         scene_0_collisions
     00000008  ___bank_scene_10_collisions        scene_10_collisions
     00000008  ___bank_scene_13_collisions        scene_13_collisions
     00000008  ___bank_scene_14_collisions        scene_14_collisions
     00000008  ___bank_scene_17_collisions        scene_17_collisions
     00000008  ___bank_scene_18_collisions        scene_18_collisions
     00000008  ___bank_scene_1_collisions         scene_1_collisions
     00000008  ___bank_scene_1_init               scene_1_init
     00000008  ___bank_scene_20_collisions        scene_20_collisions
     00000008  ___bank_scene_launch_site_collis   scene_launch_site_collisions
     00000008  ___bank_scene_launch_site_init     scene_launch_site_init
     00000008  ___bank_scene_logo_collisions      scene_logo_collisions
     00000008  ___bank_scene_player_s_house_col   scene_player_s_house_collisi
     00000008  ___bank_scene_title_screen_colli   scene_title_screen_collision
     00000008  ___bank_scene_title_screen_init    scene_title_screen_init
     00000008  ___bank_sprite_bitsandbobs_no_sc   sprite_bitsandbobs_no_scale_
     00000008  ___bank_sprite_npc003_tileset      sprite_npc003_tileset
     00000008  ___bank_sprite_npc004_tileset      sprite_npc004_tileset
     00000008  ___bank_sprite_npc005_tileset      sprite_npc005_tileset
     00000008  ___bank_sprite_npc006_tileset      sprite_npc006_tileset
     00000008  ___bank_sprite_player_tileset      sprite_player_tileset
     00000008  ___bank_trigger_13_interact        trigger_13_interact
     00000008  b_erase_flash                      
     00000008  b_save_sram_banks                  
     00000008  b_vm_cos_scale                     vm_math
     00000008  b_vm_music_mute                    vm_music
     00000008  b_vm_music_play                    vm_music
     00000008  b_vm_music_routine                 vm_music
     00000008  b_vm_music_setpos                  vm_music
     00000008  b_vm_music_stop                    vm_music
     00000008  b_vm_sfx_play                      vm_music
     00000008  b_vm_sin_scale                     vm_math
     00000008  b_vm_sound_mastervol               vm_music
     00000008  l__HEADER3                      
ASxxxx Linker V03.00/V05.40 + sdld,  page 8.
Hexadecimal  [32-Bits]

Area                                    Addr        Size        Decimal Bytes (Attributes)
--------------------------------        ----        ----        ------- ----- ------------
.  .ABS.                            00000000    00000000 =           0. bytes (ABS,CON)

      Value  Global                              Global Defined In Module
      -----  --------------------------------   ------------------------
     00000009  ___bank_VM_GBPRINTER               vm_gbprinter
     00000009  ___bank_VM_LOAD_SAVE               vm_load_save
     00000009  ___bank_VM_PROJECTILE              vm_projectiles
     00000009  ___bank_VM_RTC                     vm_rtc
     00000009  ___bank_VM_SCENE                   vm_scene
     00000009  ___bank_actor_cat_interact         actor_cat_interact
     00000009  ___bank_actor_hider_interact       actor_hider_interact
     00000009  ___bank_actor_oblivious_guy_inte   actor_oblivious_guy_interact
     00000009  ___bank_actor_pet_owner_interact   actor_pet_owner_interact
     00000009  ___bank_actor_rock_interact        actor_rock_interact
     00000009  ___bank_actor_sign_post_interact   actor_sign_post_interact
     00000009  ___bank_avatar_font_0              avatar_font_0
     00000009  ___bank_bg_ende_gwunne_1           bg_ende_gwunne_1
     00000009  ___bank_bg_ende_gwunne_2           bg_ende_gwunne_2
     00000009  ___bank_bg_ende_gwunne_3           bg_ende_gwunne_3
     00000009  ___bank_bg_ende_verlore            bg_ende_verlore
     00000009  ___bank_bg_guet_nacht              bg_guet_nacht
     00000009  ___bank_bg_kitchen2                bg_kitchen2
     00000009  ___bank_bg_logo_herdamlimit        bg_logo_herdamlimit
     00000009  ___bank_bg_office                  bg_office
     00000009  ___bank_bg_sample_town             bg_sample_town
     00000009  ___bank_bg_stars                   bg_stars
     00000009  ___bank_bg_stars_tileset           bg_stars_tileset
     00000009  ___bank_bg_titlescreen_herdamlim   bg_titlescreen_herdamlimit
     00000009  ___bank_cursor_image               cursor_image
     00000009  ___bank_emote_anger                emote_anger
     00000009  ___bank_emote_shock                emote_shock
     00000009  ___bank_frame_image                frame_image
     00000009  ___bank_palette_0                  palette_0
     00000009  ___bank_palette_1                  palette_1
     00000009  ___bank_palette_2                  palette_2
     00000009  ___bank_palette_3                  palette_3
     00000009  ___bank_palette_4                  palette_4
     00000009  ___bank_palette_5                  palette_5
     00000009  ___bank_palette_6                  palette_6
     00000009  ___bank_scene_0                    scene_0
     00000009  ___bank_scene_0_actors             scene_0_actors
     00000009  ___bank_scene_0_init               scene_0_init
     00000009  ___bank_scene_0_sprites            scene_0_sprites
     00000009  ___bank_scene_1                    scene_1
     00000009  ___bank_scene_10                   scene_10
     00000009  ___bank_scene_10_init              scene_10_init
     00000009  ___bank_scene_13                   scene_13
     00000009  ___bank_scene_13_init              scene_13_init
     00000009  ___bank_scene_14                   scene_14
     00000009  ___bank_scene_14_init              scene_14_init
     00000009  ___bank_scene_15                   scene_15
     00000009  ___bank_scene_15_actors            scene_15_actors
     00000009  ___bank_scene_15_sprites           scene_15_sprites
     00000009  ___bank_scene_17                   scene_17
     00000009  ___bank_scene_17_actors            scene_17_actors
ASxxxx Linker V03.00/V05.40 + sdld,  page 9.
Hexadecimal  [32-Bits]

Area                                    Addr        Size        Decimal Bytes (Attributes)
--------------------------------        ----        ----        ------- ----- ------------
.  .ABS.                            00000000    00000000 =           0. bytes (ABS,CON)

      Value  Global                              Global Defined In Module
      -----  --------------------------------   ------------------------
     00000009  ___bank_scene_17_init              scene_17_init
     00000009  ___bank_scene_17_sprites           scene_17_sprites
     00000009  ___bank_scene_17_triggers          scene_17_triggers
     00000009  ___bank_scene_18                   scene_18
     00000009  ___bank_scene_18_actors            scene_18_actors
     00000009  ___bank_scene_18_init              scene_18_init
     00000009  ___bank_scene_18_sprites           scene_18_sprites
     00000009  ___bank_scene_18_triggers          scene_18_triggers
     00000009  ___bank_scene_20                   scene_20
     00000009  ___bank_scene_20_sprites           scene_20_sprites
     00000009  ___bank_scene_20_triggers          scene_20_triggers
     00000009  ___bank_scene_launch_site          scene_launch_site
     00000009  ___bank_scene_logo                 scene_logo
     00000009  ___bank_scene_logo_init            scene_logo_init
     00000009  ___bank_scene_player_s_house       scene_player_s_house
     00000009  ___bank_scene_player_s_house_ini   scene_player_s_house_init
     00000009  ___bank_scene_player_s_house_tri   scene_player_s_house_trigger
     00000009  ___bank_scene_sample_town          scene_sample_town
     00000009  ___bank_scene_sample_town_init     scene_sample_town_init
     00000009  ___bank_scene_sample_town_trigge   scene_sample_town_triggers
     00000009  ___bank_scene_title_screen         scene_title_screen
     00000009  ___bank_script_engine_init         
     00000009  ___bank_script_init_menu           script_init_menu
     00000009  ___bank_script_input               script_input
     00000009  ___bank_sprite_bitsandbobs_no_sc   sprite_bitsandbobs_no_scale
     00000009  ___bank_sprite_bitsandbobs_no_sc   sprite_bitsandbobs_no_scale_
     00000009  ___bank_sprite_bitsandbobs_no_sc   sprite_bitsandbobs_no_scale_
     00000009  ___bank_sprite_cat                 sprite_cat
     00000009  ___bank_sprite_cat_tileset         sprite_cat_tileset
     00000009  ___bank_sprite_cursor              sprite_cursor
     00000009  ___bank_sprite_cursor_tileset      sprite_cursor_tileset
     00000009  ___bank_sprite_duck                sprite_duck
     00000009  ___bank_sprite_duck_tileset        sprite_duck_tileset
     00000009  ___bank_sprite_npc001              sprite_npc001
     00000009  ___bank_sprite_npc001_tileset      sprite_npc001_tileset
     00000009  ___bank_sprite_npc003              sprite_npc003
     00000009  ___bank_sprite_npc004              sprite_npc004
     00000009  ___bank_sprite_npc005              sprite_npc005
     00000009  ___bank_sprite_npc006              sprite_npc006
     00000009  ___bank_sprite_npc007              sprite_npc007
     00000009  ___bank_sprite_npc007_tileset      sprite_npc007_tileset
     00000009  ___bank_sprite_npc008              sprite_npc008
     00000009  ___bank_sprite_npc008_tileset      sprite_npc008_tileset
     00000009  ___bank_sprite_player              sprite_player
     00000009  ___bank_sprite_rock                sprite_rock
     00000009  ___bank_sprite_rock_tileset        sprite_rock_tileset
     00000009  ___bank_sprite_signpost            sprite_signpost
     00000009  ___bank_sprite_signpost_tileset    sprite_signpost_tileset
     00000009  ___bank_spritesheet_none           spritesheet_none
     00000009  ___bank_tileset_default_frame      tileset_default_frame
     00000009  ___bank_trigger_0_interact         trigger_0_interact
ASxxxx Linker V03.00/V05.40 + sdld,  page 10.
Hexadecimal  [32-Bits]

Area                                    Addr        Size        Decimal Bytes (Attributes)
--------------------------------        ----        ----        ------- ----- ------------
.  .ABS.                            00000000    00000000 =           0. bytes (ABS,CON)

      Value  Global                              Global Defined In Module
      -----  --------------------------------   ------------------------
     00000009  ___bank_trigger_10_interact        trigger_10_interact
     00000009  ___bank_trigger_11_interact        trigger_11_interact
     00000009  ___bank_trigger_12_interact        trigger_12_interact
     00000009  ___bank_trigger_14_interact        trigger_14_interact
     00000009  ___bank_trigger_19_interact        trigger_19_interact
     00000009  ___bank_trigger_1_interact         trigger_1_interact
     00000009  ___bank_trigger_20_interact        trigger_20_interact
     00000009  ___bank_trigger_23_interact        trigger_23_interact
     00000009  ___bank_trigger_24_interact        trigger_24_interact
     00000009  ___bank_trigger_25_interact        trigger_25_interact
     00000009  ___bank_trigger_26_interact        trigger_26_interact
     00000009  ___bank_trigger_2_interact         trigger_2_interact
     00000009  ___bank_trigger_3_interact         trigger_3_interact
     00000009  ___bank_trigger_45_interact        trigger_45_interact
     00000009  ___bank_trigger_4_interact         trigger_4_interact
     00000009  ___bank_trigger_5_interact         trigger_5_interact
     00000009  ___bank_trigger_6_interact         trigger_6_interact
     00000009  ___bank_trigger_7_interact         trigger_7_interact
     00000009  ___bank_trigger_8_interact         trigger_8_interact
     00000009  ___bank_trigger_9_interact         trigger_9_interact
     00000009  b_CGBZeroPalette                   palette
     00000009  b_SIO_init                         sio
     00000009  b_camera_init                      camera
     00000009  b_events_init                      events
     00000009  b_input_init                       input
     00000009  b_itoa_fmt                         vm_ui_a
     00000009  b_logo_init                        logo
     00000009  b_logo_update                      logo
     00000009  b_music_events_poll                music_manager
     00000009  b_music_init_driver                music_manager
     00000009  b_music_init_events                music_manager
     00000009  b_palette_init                     palette
     00000009  b_parallax_init                    parallax
     00000009  b_remove_LCD_ISRs                  interrupts
     00000009  b_restore_sram                     flasher
     00000009  b_restore_sram_bank                flasher
     00000009  b_save_sram                        flasher
     00000009  b_scroll_rect                      
     00000009  b_timers_init                      events
     00000009  b_vm_print_detect                  vm_gbprinter
     00000009  b_vm_print_overlay                 vm_gbprinter
     00000009  b_vm_projectile_launch             vm_projectiles
     00000009  b_vm_projectile_load_type          vm_projectiles
     00000009  b_vm_rtc_get                       vm_rtc
     00000009  b_vm_rtc_latch                     vm_rtc
     00000009  b_vm_rtc_set                       vm_rtc
     00000009  b_vm_rtc_start                     vm_rtc
     00000009  b_vm_save_clear                    vm_load_save
     00000009  b_vm_save_peek                     vm_load_save
     00000009  b_vm_scene_pop                     vm_scene
     00000009  b_vm_scene_pop_all                 vm_scene
ASxxxx Linker V03.00/V05.40 + sdld,  page 11.
Hexadecimal  [32-Bits]

Area                                    Addr        Size        Decimal Bytes (Attributes)
--------------------------------        ----        ----        ------- ----- ------------
.  .ABS.                            00000000    00000000 =           0. bytes (ABS,CON)

      Value  Global                              Global Defined In Module
      -----  --------------------------------   ------------------------
     00000009  b_vm_scene_push                    vm_scene
     00000009  b_vm_scene_stack_reset             vm_scene
     0000000C  __start_save                    
     00000019  l__INITIALIZED                  
     00000019  l__INITIALIZER                  
     00000027  l__GSINIT                       
     00000030  l__HEADER7                      
     00000060  l__HEADER4                      
     000000AB  l__HEADER11                     
     000001CB  l__CRASH_SCRATCH2               
     00000200  s__CODE                         
     00000EC2  l__CODE                         
     000010C2  s__HOME                         
     00001971  l__DATA                         
     00002000  _rROMB0                            
     00002B30  l__CODE_9                       
     00002D53  l__HOME                         
     00003000  _rROMB1                            
     00003E15  s__BASE                         
     00003E15  s__CODE_0                       
     00003E15  s__INITIALIZER                  
     00003E15  s__LIT                          
     00003E2E  s__GSINIT                       
     00003E55  s__GSFINAL                      
     00003FFE  l__CODE_1                       
     00003FFE  l__CODE_8                       
     00003FFF  l__CODE_3                       
     00003FFF  l__CODE_6                       
     00004000  _RTC_SELECT_REG                    vm_rtc
     00004000  _rRAMB                             
     00004000  l__CODE_2                       
     00004000  l__CODE_4                       
     00004000  l__CODE_5                       
     00004000  l__CODE_7                       
     00006000  _RTC_LATCH_REG                     vm_rtc
     00008000  __VRAM                             
     00008000  __VRAM8000                         
     00008800  __VRAM8800                         
     00009000  __VRAM9000                         
     00009800  __SCRN0                            
     00009C00  __SCRN1                            
     0000A000  _RTC_VALUE_REG                     vm_rtc
     0000A000  __SRAM                             
     0000C000  __RAM                              
     0000C000  _shadow_OAM                     
     0000C0A0  s__DATA                         
     0000D000  __RAMBANK                          
     0000DA11  s__BSS                          
     0000DA11  s__INITIALIZED                  
     0000DA2A  s__HEAP                         
     0000DA2A  s__HEAP_END                     
ASxxxx Linker V03.00/V05.40 + sdld,  page 12.
Hexadecimal  [32-Bits]

Area                                    Addr        Size        Decimal Bytes (Attributes)
--------------------------------        ----        ----        ------- ----- ------------
.  .ABS.                            00000000    00000000 =           0. bytes (ABS,CON)

      Value  Global                              Global Defined In Module
      -----  --------------------------------   ------------------------
     0000DF00  .STACK                          
     0000DF00  _shadow_OAM2                       absolute
     0000DFA0  _BkgPalette                        absolute
     0000DFE0  _vwf_tile_data                     absolute
     0000FE00  __OAMRAM                           
     0000FF00  _P1_REG                            
     0000FF00  __IO                               
     0000FF01  _SB_REG                            
     0000FF02  _SC_REG                            
     0000FF04  _DIV_REG                           
     0000FF05  _TIMA_REG                          
     0000FF06  _TMA_REG                           
     0000FF07  _TAC_REG                           
     0000FF0F  _IF_REG                            
     0000FF10  _NR10_REG                          
     0000FF11  _NR11_REG                          
     0000FF12  _NR12_REG                          
     0000FF13  _NR13_REG                          
     0000FF14  _NR14_REG                          
     0000FF16  _NR21_REG                          
     0000FF17  _NR22_REG                          
     0000FF18  _NR23_REG                          
     0000FF19  _NR24_REG                          
     0000FF1A  _NR30_REG                          
     0000FF1B  _NR31_REG                          
     0000FF1C  _NR32_REG                          
     0000FF1D  _NR33_REG                          
     0000FF1E  _NR34_REG                          
     0000FF20  _NR41_REG                          
     0000FF21  _NR42_REG                          
     0000FF22  _NR43_REG                          
     0000FF23  _NR44_REG                          
     0000FF24  _NR50_REG                          
     0000FF25  _NR51_REG                          
     0000FF26  _NR52_REG                          
     0000FF30  _AUD3WAVE                          
     0000FF30  _PCM_SAMPLE                        
     0000FF30  __AUD3WAVERAM                      
     0000FF40  _LCDC_REG                          
     0000FF41  _STAT_REG                          
     0000FF42  _SCY_REG                           
     0000FF43  _SCX_REG                           
     0000FF44  _LY_REG                            
     0000FF45  _LYC_REG                           
     0000FF46  _DMA_REG                           
     0000FF47  _BGP_REG                           
     0000FF48  _OBP0_REG                          
     0000FF49  _OBP1_REG                          
     0000FF4A  _WY_REG                            
     0000FF4B  _WX_REG                            
     0000FF4D  _KEY1_REG                          
ASxxxx Linker V03.00/V05.40 + sdld,  page 13.
Hexadecimal  [32-Bits]

Area                                    Addr        Size        Decimal Bytes (Attributes)
--------------------------------        ----        ----        ------- ----- ------------
.  .ABS.                            00000000    00000000 =           0. bytes (ABS,CON)

      Value  Global                              Global Defined In Module
      -----  --------------------------------   ------------------------
     0000FF4F  _VBK_REG                           
     0000FF51  _HDMA1_REG                         
     0000FF52  _HDMA2_REG                         
     0000FF53  _HDMA3_REG                         
     0000FF54  _HDMA4_REG                         
     0000FF55  _HDMA5_REG                         
     0000FF56  _RP_REG                            
     0000FF68  _BCPS_REG                          
     0000FF69  _BCPD_REG                          
     0000FF6A  _OCPS_REG                          
     0000FF6B  _OCPD_REG                          
     0000FF70  _SVBK_REG                          
     0000FF76  _PCM12_REG                         
     0000FF77  _PCM34_REG                         
     0000FF80  .refresh_OAM                    
     0000FF80  __HRAM                             
     0000FFFF  _IE_REG                            
     00014000  s__CODE_1                       
     00024000  s__CODE_2                       
     00034000  s__CODE_3                       
     00044000  s__CODE_4                       
     00054000  s__CODE_5                       
     00064000  s__CODE_6                       
     00074000  s__CODE_7                       
     00084000  s__CODE_8                       
     00094000  s__CODE_9                       

ASxxxx Linker V03.00/V05.40 + sdld,  page 14.
Hexadecimal  [32-Bits]

Area                                    Addr        Size        Decimal Bytes (Attributes)
--------------------------------        ----        ----        ------- ----- ------------
_CODE                               00000200    00000EC2 =        3778. bytes (REL,CON)

      Value  Global                              Global Defined In Module
      -----  --------------------------------   ------------------------
     00000200  ___HandleCrash                     
     0000020A  _SIO_send_byte                     
     0000021D  _SIO_receive                       
     0000022E  _GetWinAddr                        
     00000236  _GetBkgAddr                        
     00000244  _state_init                        
     00000249  _state_update                      
     0000026B  _ui_time_masks                     
     00000273  _ui_print_shift_char               
     000002F6  _ui_draw_frame_row                 
     000002FF  .ui_draw_frame_row                 
     00000328  _script_cmds                       vm_instructions
     00000560  _save_signature                    game_signature
     00000564  _start_scene_x                     
     00000566  _start_scene_y                     
     00000568  _start_scene_dir                   
     00000569  _start_scene                       
     0000056C  _start_player_move_speed           
     0000056D  _start_player_anim_tick            
     0000056E  _ui_fonts                          
     00000574  _core_reset_hook                   main
     0000057C  _main                              main
     00000584  _state_start_fns                   
     0000058D  _state_update_fns                  
     00000596  _hUGE_init                         hUGEDriver_obj
     00000598  hUGE_init                          hUGEDriver_obj
     000005EE  _hUGE_mute_channel                 hUGEDriver_obj
     000005F0  hUGE_mute_channel                  hUGEDriver_obj
     0000083E  _hUGE_set_position                 hUGEDriver_obj
     00000840  hUGE_set_position                  hUGEDriver_obj
     00000A05  _hUGE_dosound                      hUGEDriver_obj
     00000A05  hUGE_dosound                       hUGEDriver_obj
     00000D31  _get_vram_byte                     
     00000D39  _get_win_tile_xy                   
     00000D41  _get_bkg_tile_xy                   
     00000D68  _set_sprite_palette                CGB
     00000D6D  _set_bkg_palette                   CGB
     00000D70  .set_palette                       CGB
     00000D8F  _set_sprite_palette_entry          CGB
     00000D94  _set_bkg_palette_entry             CGB
     00000D97  .set_palette_entry                 CGB
     00000DB3  _hide_sprites_range                Metasprites
     00000DE2  __mulsuchar                        mul
     00000DE5  __muluschar                        mul
     00000DEE  __mulschar                         mul
     00000DF6  __mulint                           mul
     00000E15  __muluchar                         mul
     00000E27  _set_vram_byte                     
     00000E30  _set_win_tile_xy                   
     00000E39  _set_bkg_tile_xy                   
ASxxxx Linker V03.00/V05.40 + sdld,  page 15.
Hexadecimal  [32-Bits]

Area                                    Addr        Size        Decimal Bytes (Attributes)
--------------------------------        ----        ----        ------- ----- ------------
_CODE                               00000200    00000EC2 =        3778. bytes (REL,CON)

      Value  Global                              Global Defined In Module
      -----  --------------------------------   ------------------------
     00000E68  .sgb_check                         
     00000E68  _sgb_check                         
     00000EB0  _sgb_transfer                      
     00000EB5  .sgb_transfer                      
     00000EF6  .copy_vram                         
     00000EFC  _get_data                          
     00000EFC  _set_data                          
     00000EFC  _vmemcpy                           
     00000F4A  ___move_metasprite                 Metasprites
     00000F87  ___memcpy                          
     00000F87  _memcpy                            
     00000FB9  _cpu_slow                          CGB
     00000FD4  _cpu_fast                          CGB
     00000FDB  __divsuchar                        divmod
     00000FE1  __modsuchar                        divmod
     00000FEA  __divuschar                        divmod
     00000FF3  __moduschar                        divmod
     00000FFF  __divschar                         divmod
     00001004  __modschar                         divmod
     0000100B  __divsint                          divmod
     00001014  __modsint                          divmod
     00001020  __divuchar                         divmod
     00001025  __moduchar                         divmod
     0000102C  __divuint                          divmod
     00001035  __moduint                          divmod
     00001041  .div8                              divmod
     00001041  .mod8                              divmod
     00001049  .div16                             divmod
     00001049  .mod16                             divmod
     0000107F  .divu8                             divmod
     0000107F  .modu8                             divmod
     00001082  .divu16                            divmod
     00001082  .modu16                            divmod

ASxxxx Linker V03.00/V05.40 + sdld,  page 16.
Hexadecimal  [32-Bits]

Area                                    Addr        Size        Decimal Bytes (Attributes)
--------------------------------        ----        ----        ------- ----- ------------
_HEADER0                            00000000    00000001 =           1. bytes (ABS,CON)

      Value  Global                              Global Defined In Module
      -----  --------------------------------   ------------------------
     00000020  .call_hl                           Runtime

ASxxxx Linker V03.00/V05.40 + sdld,  page 17.
Hexadecimal  [32-Bits]

Area                                    Addr        Size        Decimal Bytes (Attributes)
--------------------------------        ----        ----        ------- ----- ------------
_HEADER1                            00000000    00000005 =           5. bytes (ABS,CON)

      Value  Global                              Global Defined In Module
      -----  --------------------------------   ------------------------
     00000028  .MemsetSmall                       Runtime

ASxxxx Linker V03.00/V05.40 + sdld,  page 18.
Hexadecimal  [32-Bits]

Area                                    Addr        Size        Decimal Bytes (Attributes)
--------------------------------        ----        ----        ------- ----- ------------
_HEADER2                            00000000    00000007 =           7. bytes (ABS,CON)

      Value  Global                              Global Defined In Module
      -----  --------------------------------   ------------------------
     00000030  .MemcpySmall                       Runtime

ASxxxx Linker V03.00/V05.40 + sdld,  page 19.
Hexadecimal  [32-Bits]

Area                                    Addr        Size        Decimal Bytes (Attributes)
--------------------------------        ----        ----        ------- ----- ------------
_HEADER3                            00000000    00000008 =           8. bytes (ABS,CON)

      Value  Global                              Global Defined In Module
      -----  --------------------------------   ------------------------
ASxxxx Linker V03.00/V05.40 + sdld,  page 20.
Hexadecimal  [32-Bits]

Area                                    Addr        Size        Decimal Bytes (Attributes)
--------------------------------        ----        ----        ------- ----- ------------
_HEADER4                            00000000    00000060 =          96. bytes (ABS,CON)

      Value  Global                              Global Defined In Module
      -----  --------------------------------   ------------------------
     00000080  .int                               Runtime
     0000008F  _wait_int_handler                  Runtime
     0000009C  __standard_VBL_handler             Runtime
     000000AB  _refresh_OAM                       Runtime
     000000CC  _set_interrupts                    Runtime

ASxxxx Linker V03.00/V05.40 + sdld,  page 21.
Hexadecimal  [32-Bits]

Area                                    Addr        Size        Decimal Bytes (Attributes)
--------------------------------        ----        ----        ------- ----- ------------
_HEADER5                            00000000    00000001 =           1. bytes (ABS,CON)

      Value  Global                              Global Defined In Module
      -----  --------------------------------   ------------------------
ASxxxx Linker V03.00/V05.40 + sdld,  page 22.
Hexadecimal  [32-Bits]

Area                                    Addr        Size        Decimal Bytes (Attributes)
--------------------------------        ----        ----        ------- ----- ------------
_HEADER6                            00000000    00000002 =           2. bytes (ABS,CON)

      Value  Global                              Global Defined In Module
      -----  --------------------------------   ------------------------
ASxxxx Linker V03.00/V05.40 + sdld,  page 23.
Hexadecimal  [32-Bits]

Area                                    Addr        Size        Decimal Bytes (Attributes)
--------------------------------        ----        ----        ------- ----- ------------
_HEADER7                            00000000    00000030 =          48. bytes (ABS,CON)

      Value  Global                              Global Defined In Module
      -----  --------------------------------   ------------------------
ASxxxx Linker V03.00/V05.40 + sdld,  page 24.
Hexadecimal  [32-Bits]

Area                                    Addr        Size        Decimal Bytes (Attributes)
--------------------------------        ----        ----        ------- ----- ------------
_HEADER8                            00000000    00000006 =           6. bytes (ABS,CON)

      Value  Global                              Global Defined In Module
      -----  --------------------------------   ------------------------
ASxxxx Linker V03.00/V05.40 + sdld,  page 25.
Hexadecimal  [32-Bits]

Area                                    Addr        Size        Decimal Bytes (Attributes)
--------------------------------        ----        ----        ------- ----- ------------
_HEADER9                            00000000    00000003 =           3. bytes (ABS,CON)

      Value  Global                              Global Defined In Module
      -----  --------------------------------   ------------------------
ASxxxx Linker V03.00/V05.40 + sdld,  page 26.
Hexadecimal  [32-Bits]

Area                                    Addr        Size        Decimal Bytes (Attributes)
--------------------------------        ----        ----        ------- ----- ------------
_HEADERa                            00000000    00000001 =           1. bytes (ABS,CON)

      Value  Global                              Global Defined In Module
      -----  --------------------------------   ------------------------
ASxxxx Linker V03.00/V05.40 + sdld,  page 27.
Hexadecimal  [32-Bits]

Area                                    Addr        Size        Decimal Bytes (Attributes)
--------------------------------        ----        ----        ------- ----- ------------
_HEADERb                            00000000    00000001 =           1. bytes (ABS,CON)

      Value  Global                              Global Defined In Module
      -----  --------------------------------   ------------------------
ASxxxx Linker V03.00/V05.40 + sdld,  page 28.
Hexadecimal  [32-Bits]

Area                                    Addr        Size        Decimal Bytes (Attributes)
--------------------------------        ----        ----        ------- ----- ------------
_HEADERc                            00000000    00000001 =           1. bytes (ABS,CON)

      Value  Global                              Global Defined In Module
      -----  --------------------------------   ------------------------
ASxxxx Linker V03.00/V05.40 + sdld,  page 29.
Hexadecimal  [32-Bits]

Area                                    Addr        Size        Decimal Bytes (Attributes)
--------------------------------        ----        ----        ------- ----- ------------
_HEADERd                            00000000    00000002 =           2. bytes (ABS,CON)

      Value  Global                              Global Defined In Module
      -----  --------------------------------   ------------------------
ASxxxx Linker V03.00/V05.40 + sdld,  page 30.
Hexadecimal  [32-Bits]

Area                                    Addr        Size        Decimal Bytes (Attributes)
--------------------------------        ----        ----        ------- ----- ------------
_HEADERe                            00000000    00000001 =           1. bytes (ABS,CON)

      Value  Global                              Global Defined In Module
      -----  --------------------------------   ------------------------
ASxxxx Linker V03.00/V05.40 + sdld,  page 31.
Hexadecimal  [32-Bits]

Area                                    Addr        Size        Decimal Bytes (Attributes)
--------------------------------        ----        ----        ------- ----- ------------
_HEADERf                            00000000    00000001 =           1. bytes (ABS,CON)

      Value  Global                              Global Defined In Module
      -----  --------------------------------   ------------------------
ASxxxx Linker V03.00/V05.40 + sdld,  page 32.
Hexadecimal  [32-Bits]

Area                                    Addr        Size        Decimal Bytes (Attributes)
--------------------------------        ----        ----        ------- ----- ------------
_HEADER10                           00000000    00000002 =           2. bytes (ABS,CON)

      Value  Global                              Global Defined In Module
      -----  --------------------------------   ------------------------
ASxxxx Linker V03.00/V05.40 + sdld,  page 33.
Hexadecimal  [32-Bits]

Area                                    Addr        Size        Decimal Bytes (Attributes)
--------------------------------        ----        ----        ------- ----- ------------
_HEADER11                           00000000    000000AB =         171. bytes (ABS,CON)

      Value  Global                              Global Defined In Module
      -----  --------------------------------   ------------------------
     00000150  .reset                             Runtime
     00000150  _reset                             Runtime
     00000157  .code_start                        Runtime
     000001B9  _exit                              Runtime
     000001BD  .wait_vbl_done                     Runtime
     000001BD  _vsync                             Runtime
     000001BD  _wait_vbl_done                     Runtime
     000001CD  .remove_VBL                        Runtime
     000001CD  _remove_VBL                        Runtime
     000001D0  .remove_int                        Runtime
     000001ED  .add_VBL                           Runtime
     000001ED  _add_VBL                           Runtime
     000001F0  .add_int                           Runtime

ASxxxx Linker V03.00/V05.40 + sdld,  page 34.
Hexadecimal  [32-Bits]

Area                                    Addr        Size        Decimal Bytes (Attributes)
--------------------------------        ----        ----        ------- ----- ------------
_HOME                               000010C2    00002D53 =       11603. bytes (REL,CON)

      Value  Global                              Global Defined In Module
      -----  --------------------------------   ------------------------
     000010C2  .memset_simple                     Runtime
     000010CB  .memcpy_simple                     Runtime
     000010E8  .display_off                       Runtime
     000010E8  _display_off                       Runtime
     00001100  _actors_update                     actor
     00001566  _SetBankedBkgData                  bankdata
     00001582  _SetBankedSpriteData               bankdata
     0000159E  _SetBankedBkgTiles                 bankdata
     000015BA  _SetBankedWinTiles                 bankdata
     000015D6  _ReadBankedFarPtr                  bankdata
     000015F8  _ReadBankedUWORD                   bankdata
     00001612  _MemcpyBanked                      bankdata
     00001634  _MemcpyVRAMBanked                  bankdata
     00001663  _IndexOfFarPtr                     bankdata
     000016E8  _camera_update                     camera
     0000181B  _load_animations                   data_manager
     00001874  _events_update                     events
     00001947  _timers_update                     events
     000019D0  _input_update                      input
     000019F3  .sio_ISR                           
     00001A4D  .timer_ISR                         
     00001A62  _simple_LCD_isr                    interrupts
     00001AE1  _fullscreen_LCD_isr                interrupts
     00001B0D  _VBL_isr                           interrupts
     00001B57  _isqrt                             math
     00001BB4  _sine_wave                         math
     00001CB4  _dir_lookup                        math
     00001CBC  _dir_angle_lookup                  math
     00001CC0  _hUGETrackerRoutine                music_manager
     00001CE7  _music_events_update               music_manager
     00001D69  _music_play_isr                    music_manager
     00001E0A  _parallax_LCD_isr                  parallax
     00001E47  _projectiles_update                projectiles
     000022C8  _projectiles_render                projectiles
     0000241D  _scroll_load_pending_row           scroll
     000024A3  _scroll_load_row                   scroll
     00002518  _scroll_load_col                   scroll
     00002581  _scroll_load_pending_col           scroll
     00002609  _set_bkg_submap                    
     0000264C  _set_xy_win_submap                 
     00002679  .set_xy_win_submap                 
     00002682  .set_xy_bkg_submap                 
     00002691  .set_xy_submap                     
     000026DD  _sfx_play_isr                      sfx_player
     000027B6  _on_SIO_receive                    sio
     000027F7  _SIO_update                        sio
     0000285E  _ui_update                         ui
     00002996  _vm_sgb_transfer                   vm_sgb
     000029E3  _vm_load_text                      vm_ui
     00002C39  _vm_switch                         vm
ASxxxx Linker V03.00/V05.40 + sdld,  page 35.
Hexadecimal  [32-Bits]

Area                                    Addr        Size        Decimal Bytes (Attributes)
--------------------------------        ----        ----        ------- ----- ------------
_HOME                               000010C2    00002D53 =       11603. bytes (REL,CON)

      Value  Global                              Global Defined In Module
      -----  --------------------------------   ------------------------
     00002D6A  _vm_beginthread                    vm
     00002E8E  _vm_rpn                            vm
     000038A6  _vm_get_far                        vm
     00003914  _vm_call_native                    vm
     00003927  _VM_STEP                           vm
     00003991  _script_runner_update              vm
     00003AF6  _fill_win_rect                     
     00003B08  _rand                              
     00003B08  _randw                             
     00003B33  _initrand                          
     00003B35  .initrand                          
     00003B3E  _get_bkg_data                      
     00003B3E  _get_win_data                      
     00003B8B  _get_sprite_data                   
     00003BBE  _abs                               abs
     00003BCB  _set_win_tiles                     
     00003BDF  _set_tile_data                     
     00003BE4  _set_bkg_data                      
     00003BE4  _set_win_data                      
     00003BEC  _set_sprite_data                   
     00003C1C  _reverse                           reverse
     00003C50  ___call__banked                    far_ptr
     00003C6D  _to_far_ptr                        far_ptr
     00003CA3  .add_LCD                           
     00003CA3  _add_LCD                           
     00003CA9  .remove_LCD                        
     00003CA9  _remove_LCD                        
     00003CAF  .fill_rect_wtt                     
     00003CB8  .fill_rect_btt                     
     00003D05  _fill_bkg_rect                     
     00003D17  .padup                             
     00003D17  _waitpadup                         
     00003D27  .jpad                              
     00003D27  _joypad                            
     00003D4F  _waitpad                           
     00003D50  .wait_pad                          
     00003D57  ___sdcc_call_hl                    call_hl
     00003D58  _memset                            memset
     00003D8B  .set_xy_wtt                        SetTileMap
     00003D94  .set_xy_btt                        SetTileMap
     00003DA3  .set_xy_tt                         SetTileMap
     00003DE7  ___sdcc_bcall_ehl                  
     00003E01  _set_bkg_tiles                     
ASxxxx Linker V03.00/V05.40 + sdld,  page 36.
Hexadecimal  [32-Bits]

Area                                    Addr        Size        Decimal Bytes (Attributes)
--------------------------------        ----        ----        ------- ----- ------------
_INITIALIZER                        00003E15    00000019 =          25. bytes (REL,CON)

      Value  Global                              Global Defined In Module
      -----  --------------------------------   ------------------------
ASxxxx Linker V03.00/V05.40 + sdld,  page 37.
Hexadecimal  [32-Bits]

Area                                    Addr        Size        Decimal Bytes (Attributes)
--------------------------------        ----        ----        ------- ----- ------------
_GSINIT                             00003E2E    00000027 =          39. bytes (REL,CON)

      Value  Global                              Global Defined In Module
      -----  --------------------------------   ------------------------
     00003E2E  gsinit                             Runtime

ASxxxx Linker V03.00/V05.40 + sdld,  page 38.
Hexadecimal  [32-Bits]

Area                                    Addr        Size        Decimal Bytes (Attributes)
--------------------------------        ----        ----        ------- ----- ------------
_GSFINAL                            00003E55    00000001 =           1. bytes (REL,CON)

      Value  Global                              Global Defined In Module
      -----  --------------------------------   ------------------------
ASxxxx Linker V03.00/V05.40 + sdld,  page 39.
Hexadecimal  [32-Bits]

Area                                    Addr        Size        Decimal Bytes (Attributes)
--------------------------------        ----        ----        ------- ----- ------------
_DATA                               0000C0A0    00001971 =        6513. bytes (REL,CON)

      Value  Global                              Global Defined In Module
      -----  --------------------------------   ------------------------
     0000C0A0  __cpu                              Runtime
     0000C0A1  __is_GBA                           Runtime
     0000C0A2  .mode                              Runtime
     0000C0A3  .sys_time                          Runtime
     0000C0A3  _sys_time                          Runtime
     0000C0A5  .int_0x40                          Runtime
     0000C0B1  _actors                            actor
     0000C4F5  _actors_active_head                actor
     0000C4F7  _actors_active_tail                actor
     0000C4F9  _actors_inactive_head              actor
     0000C4FB  _screen_x                          actor
     0000C4FC  _screen_y                          actor
     0000C4FD  _invalid                           actor
     0000C4FF  _player_moving                     actor
     0000C500  _player_iframes                    actor
     0000C501  _player_collision_actor            actor
     0000C503  _emote_actor                       actor
     0000C505  _emote_timer                       actor
     0000C506  _allocated_sprite_tiles            actor
     0000C507  _allocated_hardware_sprites        actor
     0000C514  _camera_x                          camera
     0000C516  _camera_y                          camera
     0000C518  _camera_offset_x                   camera
     0000C519  _camera_offset_y                   camera
     0000C51A  _camera_deadzone_x                 camera
     0000C51B  _camera_deadzone_y                 camera
     0000C51C  _camera_settings                   camera
     0000C520  _current_scene                     data_manager
     0000C523  _image_bank                        data_manager
     0000C524  _image_ptr                         data_manager
     0000C526  _image_attr_bank                   data_manager
     0000C527  _image_attr_ptr                    data_manager
     0000C529  _collision_bank                    data_manager
     0000C52A  _collision_ptr                     data_manager
     0000C52C  _image_tile_width                  data_manager
     0000C52D  _image_tile_height                 data_manager
     0000C52E  _image_width                       data_manager
     0000C530  _image_height                      data_manager
     0000C532  _sprites_len                       data_manager
     0000C533  _actors_len                        data_manager
     0000C534  _projectiles_len                   data_manager
     0000C535  _player_sprite_len                 data_manager
     0000C536  _scene_type                        data_manager
     0000C537  _scene_LCD_type                    data_manager
     0000C538  _scene_stack                       data_manager
     0000C578  _scene_stack_ptr                   data_manager
     0000C57A  _scene_sprites_base_tiles          data_manager
     0000C5BA  _input_events                      events
     0000C5E2  _input_slots                       events
     0000C5EA  _timer_events                      events
ASxxxx Linker V03.00/V05.40 + sdld,  page 40.
Hexadecimal  [32-Bits]

Area                                    Addr        Size        Decimal Bytes (Attributes)
--------------------------------        ----        ----        ------- ----- ------------
_DATA                               0000C0A0    00001971 =        6513. bytes (REL,CON)

      Value  Global                              Global Defined In Module
      -----  --------------------------------   ------------------------
     0000C5FE  _timer_values                      events
     0000C606  _fade_running                      fade_manager
     0000C607  _fade_frames_per_step              fade_manager
     0000C608  _fade_timer                        fade_manager
     0000C610  _joypads                           input
     0000C615  _frame_joy                         input
     0000C616  _last_joy                          input
     0000C617  _recent_joy                        input
     0000C618  _SIO_status                        
     0000C619  _link_byte_sent                    
     0000C61A  _link_next_mode                    
     0000C61B  _save_blob_size                    load_save
     0000C61D  _routine_queue                     music_manager
     0000C621  _routine_queue_head                music_manager
     0000C622  _routine_queue_tail                music_manager
     0000C623  _music_events                      music_manager
     0000C637  _music_current_track_bank          music_manager
     0000C638  _music_mute_mask                   music_manager
     0000C639  _music_effective_mute              music_manager
     0000C63A  _music_next_track                  music_manager
     0000C63C  _music_current_track               music_manager
     0000C63E  _music_play_isr_counter            music_manager
     0000C63F  _music_play_isr_pause              music_manager
     0000C640  _music_global_mute_mask            music_manager
     0000C641  _music_sfx_priority                music_manager
     0000C642  _DMG_palette                       palette
     0000C645  _SprPalette                        palette
     0000C685  _parallax_rows                     parallax
     0000C697  _parallax_row                      parallax
     0000C699  _projectiles                       projectiles
     0000C752  _projectile_defs                   projectiles
     0000C7C5  _projectiles_active_head           projectiles
     0000C7C7  _projectiles_inactive_head         projectiles
     0000C7CE  _scroll_x                          scroll
     0000C7D0  _scroll_y                          scroll
     0000C7D2  _draw_scroll_x                     scroll
     0000C7D4  _draw_scroll_y                     scroll
     0000C7D6  _scroll_x_max                      scroll
     0000C7D8  _scroll_y_max                      scroll
     0000C7DA  _scroll_offset_x                   scroll
     0000C7DB  _scroll_offset_y                   scroll
     0000C7DC  _pending_h_x                       scroll
     0000C7DD  _pending_h_y                       scroll
     0000C7DE  _pending_h_i                       scroll
     0000C7DF  _pending_w_x                       scroll
     0000C7E0  _pending_w_y                       scroll
     0000C7E1  _pending_w_i                       scroll
     0000C7E2  _current_row                       scroll
     0000C7E4  _new_row                           scroll
     0000C7E6  _current_col                       scroll
     0000C7E8  _new_col                           scroll
ASxxxx Linker V03.00/V05.40 + sdld,  page 41.
Hexadecimal  [32-Bits]

Area                                    Addr        Size        Decimal Bytes (Attributes)
--------------------------------        ----        ----        ------- ----- ------------
_DATA                               0000C0A0    00001971 =        6513. bytes (REL,CON)

      Value  Global                              Global Defined In Module
      -----  --------------------------------   ------------------------
     0000C7EA  .image_tile_width                  
     0000C7EB  _sfx_play_bank                     sfx_player
     0000C7EC  _sfx_play_sample                   sfx_player
     0000C7EE  _sfx_frame_skip                    sfx_player
     0000C7EF  _link_operation_mode               sio
     0000C7F0  _link_packet                       sio
     0000C810  _link_packet_len                   sio
     0000C811  _link_packet_ptr                   sio
     0000C813  _link_packet_received              sio
     0000C814  _link_packet_snd_len               sio
     0000C815  _link_packet_snd_ptr               sio
     0000C817  _link_packet_sent                  sio
     0000C818  __is_CGB                           system
     0000C819  __is_SGB                           system
     0000C81A  __current_ram_bank                 system
     0000C81B  _triggers                          trigger
     0000C913  _last_trigger_tx                   trigger
     0000C914  _last_trigger_ty                   trigger
     0000C915  _last_trigger                      trigger
     0000C916  _win_pos_x                         ui
     0000C917  _win_dest_pos_x                    ui
     0000C918  _win_pos_y                         ui
     0000C919  _win_dest_pos_y                    ui
     0000C91A  _win_speed                         ui
     0000C91B  _text_drawn                        ui
     0000C91C  _current_text_speed                ui
     0000C91D  _text_options                      ui
     0000C91E  _text_in_speed                     ui
     0000C91F  _text_out_speed                    ui
     0000C920  _text_draw_speed                   ui
     0000C921  _text_ff_joypad                    ui
     0000C922  _text_ff                           ui
     0000C923  _text_bkg_fill                     ui
     0000C924  _ui_text_data                      ui
     0000CA2E  _vwf_current_mask                  ui
     0000CA2F  _vwf_current_rotate                ui
     0000CA30  _vwf_inverse_map                   ui
     0000CA31  _vwf_direction                     ui
     0000CA32  _vwf_current_font_desc             ui
     0000CA3A  _vwf_current_font_bank             ui
     0000CA3B  _vwf_current_font_idx              ui
     0000CA3C  _text_render_base_addr             ui
     0000CA3E  _text_scroll_addr                  ui
     0000CA40  _text_scroll_width                 ui
     0000CA41  _text_scroll_height                ui
     0000CA42  _text_scroll_fill                  ui
     0000CA43  _text_sound_mask                   ui
     0000CA44  _text_sound_bank                   ui
     0000CA45  _text_sound_data                   ui
     0000CA47  _overlay_priority                  ui
     0000CA48  _text_palette                      ui
ASxxxx Linker V03.00/V05.40 + sdld,  page 42.
Hexadecimal  [32-Bits]

Area                                    Addr        Size        Decimal Bytes (Attributes)
--------------------------------        ----        ----        ------- ----- ------------
_DATA                               0000C0A0    00001971 =        6513. bytes (REL,CON)

      Value  Global                              Global Defined In Module
      -----  --------------------------------   ------------------------
     0000CA4F  __itoa_fmt_len                     vm_ui_a
     0000CA50  .itoa_fmt_buf                      vm_ui_a
     0000CA53  _CTXS                              vm
     0000CB83  _first_ctx                         vm
     0000CB85  _free_ctxs                         vm
     0000CB87  _old_executing_ctx                 vm
     0000CB89  _executing_ctx                     vm
     0000CB8B  _vm_lock_state                     vm
     0000CB8C  _vm_loaded_state                   vm
     0000CB8D  _vm_exception_code                 vm
     0000CB8E  _vm_exception_params_length        vm
     0000CB8F  _vm_exception_params_bank          vm
     0000CB90  _vm_exception_params_offset        vm
     0000CB94  _script_memory                     vm
     0000D99A  _topdown_grid                      topdown
     0000D99B  ___rand_seed                       
     0000D9B9  _hUGE_current_wave                 hUGEDriver_obj
     0000D9B9  hUGE_current_wave                  hUGEDriver_obj
     0000D9BA  _hUGE_mute_mask                    hUGEDriver_obj
     0000DA01  ___call_banked_addr                far_ptr
     0000DA01  ___call_banked_ptr                 far_ptr
     0000DA03  ___call_banked_bank                far_ptr
     0000DA05  .int_0x48                          
     0000DA0D  ___current_metasprite              Metasprites
     0000DA0F  ___current_base_tile               Metasprites
     0000DA10  ___current_base_prop               Metasprites

ASxxxx Linker V03.00/V05.40 + sdld,  page 43.
Hexadecimal  [32-Bits]

Area                                    Addr        Size        Decimal Bytes (Attributes)
--------------------------------        ----        ----        ------- ----- ------------
_INITIALIZED                        0000DA11    00000019 =          25. bytes (REL,CON)

      Value  Global                              Global Defined In Module
      -----  --------------------------------   ------------------------
     0000DA11  _fade_style                        fade_manager
     0000DA12  _game_time                         game_time
     0000DA13  _PRN_PKT_START                     gbprinter
     0000DA21  _hide_sprites                      interrupts
[...]
                                          [ scene_14 ]
/var/folders/zk/c875sq6109s4y0rmzjw5knr40000gn/T/_gbsbuild/obj/scene_15_actors.rel
                                          [ scene_15_actors ]
/var/folders/zk/c875sq6109s4y0rmzjw5knr40000gn/T/_gbsbuild/obj/scene_15_collisions.rel
                                          [ scene_15_collisions ]
/var/folders/zk/c875sq6109s4y0rmzjw5knr40000gn/T/_gbsbuild/obj/scene_15_init.rel
                                          [ scene_15_init ]
/var/folders/zk/c875sq6109s4y0rmzjw5knr40000gn/T/_gbsbuild/obj/scene_15_sprites.rel
                                          [ scene_15_sprites ]
/var/folders/zk/c875sq6109s4y0rmzjw5knr40000gn/T/_gbsbuild/obj/scene_15.rel
                                          [ scene_15 ]
/var/folders/zk/c875sq6109s4y0rmzjw5knr40000gn/T/_gbsbuild/obj/scene_17_actors.rel
                                          [ scene_17_actors ]
/var/folders/zk/c875sq6109s4y0rmzjw5knr40000gn/T/_gbsbuild/obj/scene_17_collisions.rel
                                          [ scene_17_collisions ]
/var/folders/zk/c875sq6109s4y0rmzjw5knr40000gn/T/_gbsbuild/obj/scene_17_init.rel
                                          [ scene_17_init ]
/var/folders/zk/c875sq6109s4y0rmzjw5knr40000gn/T/_gbsbuild/obj/scene_17_sprites.rel
                                          [ scene_17_sprites ]
/var/folders/zk/c875sq6109s4y0rmzjw5knr40000gn/T/_gbsbuild/obj/scene_17_triggers.rel
                                          [ scene_17_triggers ]
/var/folders/zk/c875sq6109s4y0rmzjw5knr40000gn/T/_gbsbuild/obj/scene_17.rel
                                          [ scene_17 ]
/var/folders/zk/c875sq6109s4y0rmzjw5knr40000gn/T/_gbsbuild/obj/scene_18_actors.rel
                                          [ scene_18_actors ]
/var/folders/zk/c875sq6109s4y0rmzjw5knr40000gn/T/_gbsbuild/obj/scene_18_collisions.rel
                                          [ scene_18_collisions ]
/var/folders/zk/c875sq6109s4y0rmzjw5knr40000gn/T/_gbsbuild/obj/scene_18_init.rel
                                          [ scene_18_init ]
/var/folders/zk/c875sq6109s4y0rmzjw5knr40000gn/T/_gbsbuild/obj/scene_18_sprites.rel
                                          [ scene_18_sprites ]
/var/folders/zk/c875sq6109s4y0rmzjw5knr40000gn/T/_gbsbuild/obj/scene_18_triggers.rel
                                          [ scene_18_triggers ]
/var/folders/zk/c875sq6109s4y0rmzjw5knr40000gn/T/_gbsbuild/obj/scene_18.rel
                                          [ scene_18 ]
/var/folders/zk/c875sq6109s4y0rmzjw5knr40000gn/T/_gbsbuild/obj/scene_20_actors.rel
                                          [ scene_20_actors ]
/var/folders/zk/c875sq6109s4y0rmzjw5knr40000gn/T/_gbsbuild/obj/scene_20_collisions.rel
                                          [ scene_20_collisions ]
/var/folders/zk/c875sq6109s4y0rmzjw5knr40000gn/T/_gbsbuild/obj/scene_20_init.rel
                                          [ scene_20_init ]
/var/folders/zk/c875sq6109s4y0rmzjw5knr40000gn/T/_gbsbuild/obj/scene_20_sprites.rel
                                          [ scene_20_sprites ]
/var/folders/zk/c875sq6109s4y0rmzjw5knr40000gn/T/_gbsbuild/obj/scene_20_triggers.rel
                                          [ scene_20_triggers ]
/var/folders/zk/c875sq6109s4y0rmzjw5knr40000gn/T/_gbsbuild/obj/scene_20.rel
                                          [ scene_20 ]
/var/folders/zk/c875sq6109s4y0rmzjw5knr40000gn/T/_gbsbuild/obj/scene_launch_site_collisions.rel
                                          [ scene_launch_site_collisions ]
/var/folders/zk/c875sq6109s4y0rmzjw5knr40000gn/T/_gbsbuild/obj/scene_launch_site_init.rel
                                          [ scene_launch_site_init ]
/var/folders/zk/c875sq6109s4y0rmzjw5knr40000gn/T/_gbsbuild/obj/scene_launch_site.rel
                                          [ scene_launch_site ]
/var/folders/zk/c875sq6109s4y0rmzjw5knr40000gn/T/_gbsbuild/obj/scene_logo_collisions.rel
                                          [ scene_logo_collisions ]
/var/folders/zk/c875sq6109s4y0rmzjw5knr40000gn/T/_gbsbuild/obj/scene_logo_init.rel
                                          [ scene_logo_init ]
/var/folders/zk/c875sq6109s4y0rmzjw5knr40000gn/T/_gbsbuild/obj/scene_logo.rel
                                          [ scene_logo ]
/var/folders/zk/c875sq6109s4y0rmzjw5knr40000gn/T/_gbsbuild/obj/scene_player_s_house_collisions.rel
                                          [ scene_player_s_house_collisions ]
/var/folders/zk/c875sq6109s4y0rmzjw5knr40000gn/T/_gbsbuild/obj/scene_player_s_house_init.rel
                                          [ scene_player_s_house_init ]
/var/folders/zk/c875sq6109s4y0rmzjw5knr40000gn/T/_gbsbuild/obj/scene_player_s_house_triggers.rel
                                          [ scene_player_s_house_triggers ]
/var/folders/zk/c875sq6109s4y0rmzjw5knr40000gn/T/_gbsbuild/obj/scene_player_s_house.rel
                                          [ scene_player_s_house ]
/var/folders/zk/c875sq6109s4y0rmzjw5knr40000gn/T/_gbsbuild/obj/scene_sample_town_actors.rel
                                          [ scene_sample_town_actors ]
/var/folders/zk/c875sq6109s4y0rmzjw5knr40000gn/T/_gbsbuild/obj/scene_sample_town_collisions.rel
                                          [ scene_sample_town_collisions ]
/var/folders/zk/c875sq6109s4y0rmzjw5knr40000gn/T/_gbsbuild/obj/scene_sample_town_init.rel
                                          [ scene_sample_town_init ]
/var/folders/zk/c875sq6109s4y0rmzjw5knr40000gn/T/_gbsbuild/obj/scene_sample_town_sprites.rel
                                          [ scene_sample_town_sprites ]
/var/folders/zk/c875sq6109s4y0rmzjw5knr40000gn/T/_gbsbuild/obj/scene_sample_town_triggers.rel
                                          [ scene_sample_town_triggers ]
/var/folders/zk/c875sq6109s4y0rmzjw5knr40000gn/T/_gbsbuild/obj/scene_sample_town.rel
                                          [ scene_sample_town ]
/var/folders/zk/c875sq6109s4y0rmzjw5knr40000gn/T/_gbsbuild/obj/scene_title_screen_collisions.rel
                                          [ scene_title_screen_collisions ]
/var/folders/zk/c875sq6109s4y0rmzjw5knr40000gn/T/_gbsbuild/obj/scene_title_screen_init.rel
                                          [ scene_title_screen_init ]
/var/folders/zk/c875sq6109s4y0rmzjw5knr40000gn/T/_gbsbuild/obj/scene_title_screen.rel
                                          [ scene_title_screen ]
/var/folders/zk/c875sq6109s4y0rmzjw5knr40000gn/T/_gbsbuild/obj/script_engine_init.rel
                                          [  ]
/var/folders/zk/c875sq6109s4y0rmzjw5knr40000gn/T/_gbsbuild/obj/script_init_menu.rel
                                          [ script_init_menu ]
/var/folders/zk/c875sq6109s4y0rmzjw5knr40000gn/T/_gbsbuild/obj/script_input.rel
                                          [ script_input ]
/var/folders/zk/c875sq6109s4y0rmzjw5knr40000gn/T/_gbsbuild/obj/sprite_bitsandbobs_no_scale_1_tileset.rel
                                          [ sprite_bitsandbobs_no_scale_1_ti ]
/var/folders/zk/c875sq6109s4y0rmzjw5knr40000gn/T/_gbsbuild/obj/sprite_bitsandbobs_no_scale_1.rel
                                          [ sprite_bitsandbobs_no_scale_1 ]
/var/folders/zk/c875sq6109s4y0rmzjw5knr40000gn/T/_gbsbuild/obj/sprite_bitsandbobs_no_scale_tileset.rel
                                          [ sprite_bitsandbobs_no_scale_tile ]
/var/folders/zk/c875sq6109s4y0rmzjw5knr40000gn/T/_gbsbuild/obj/sprite_bitsandbobs_no_scale.rel
                                          [ sprite_bitsandbobs_no_scale ]
/var/folders/zk/c875sq6109s4y0rmzjw5knr40000gn/T/_gbsbuild/obj/sprite_cat_tileset.rel
                                          [ sprite_cat_tileset ]
/var/folders/zk/c875sq6109s4y0rmzjw5knr40000gn/T/_gbsbuild/obj/sprite_cat.rel
                                          [ sprite_cat ]
/var/folders/zk/c875sq6109s4y0rmzjw5knr40000gn/T/_gbsbuild/obj/sprite_cursor_tileset.rel
                                          [ sprite_cursor_tileset ]
/var/folders/zk/c875sq6109s4y0rmzjw5knr40000gn/T/_gbsbuild/obj/sprite_cursor.rel
                                          [ sprite_cursor ]
/var/folders/zk/c875sq6109s4y0rmzjw5knr40000gn/T/_gbsbuild/obj/sprite_duck_tileset.rel
                                          [ sprite_duck_tileset ]
/var/folders/zk/c875sq6109s4y0rmzjw5knr40000gn/T/_gbsbuild/obj/sprite_duck.rel
                                          [ sprite_duck ]
/var/folders/zk/c875sq6109s4y0rmzjw5knr40000gn/T/_gbsbuild/obj/sprite_npc001_tileset.rel
                                          [ sprite_npc001_tileset ]
/var/folders/zk/c875sq6109s4y0rmzjw5knr40000gn/T/_gbsbuild/obj/sprite_npc001.rel
                                          [ sprite_npc001 ]
/var/folders/zk/c875sq6109s4y0rmzjw5knr40000gn/T/_gbsbuild/obj/sprite_npc003_tileset.rel
                                          [ sprite_npc003_tileset ]
/var/folders/zk/c875sq6109s4y0rmzjw5knr40000gn/T/_gbsbuild/obj/sprite_npc003.rel
                                          [ sprite_npc003 ]
/var/folders/zk/c875sq6109s4y0rmzjw5knr40000gn/T/_gbsbuild/obj/sprite_npc004_tileset.rel
                                          [ sprite_npc004_tileset ]
/var/folders/zk/c875sq6109s4y0rmzjw5knr40000gn/T/_gbsbuild/obj/sprite_npc004.rel
                                          [ sprite_npc004 ]
/var/folders/zk/c875sq6109s4y0rmzjw5knr40000gn/T/_gbsbuild/obj/sprite_npc005_tileset.rel
                                          [ sprite_npc005_tileset ]
/var/folders/zk/c875sq6109s4y0rmzjw5knr40000gn/T/_gbsbuild/obj/sprite_npc005.rel
                                          [ sprite_npc005 ]
/var/folders/zk/c875sq6109s4y0rmzjw5knr40000gn/T/_gbsbuild/obj/sprite_npc006_tileset.rel
                                          [ sprite_npc006_tileset ]
/var/folders/zk/c875sq6109s4y0rmzjw5knr40000gn/T/_gbsbuild/obj/sprite_npc006.rel
                                          [ sprite_npc006 ]
/var/folders/zk/c875sq6109s4y0rmzjw5knr40000gn/T/_gbsbuild/obj/sprite_npc007_tileset.rel
                                          [ sprite_npc007_tileset ]
/var/folders/zk/c875sq6109s4y0rmzjw5knr40000gn/T/_gbsbuild/obj/sprite_npc007.rel
                                          [ sprite_npc007 ]
/var/folders/zk/c875sq6109s4y0rmzjw5knr40000gn/T/_gbsbuild/obj/sprite_npc008_tileset.rel
                                          [ sprite_npc008_tileset ]
/var/folders/zk/c875sq6109s4y0rmzjw5knr40000gn/T/_gbsbuild/obj/sprite_npc008.rel
                                          [ sprite_npc008 ]
/var/folders/zk/c875sq6109s4y0rmzjw5knr40000gn/T/_gbsbuild/obj/sprite_player_tileset.rel
                                          [ sprite_player_tileset ]
/var/folders/zk/c875sq6109s4y0rmzjw5knr40000gn/T/_gbsbuild/obj/sprite_player.rel
                                          [ sprite_player ]
/var/folders/zk/c875sq6109s4y0rmzjw5knr40000gn/T/_gbsbuild/obj/sprite_rock_tileset.rel
                                          [ sprite_rock_tileset ]
/var/folders/zk/c875sq6109s4y0rmzjw5knr40000gn/T/_gbsbuild/obj/sprite_rock.rel
                                          [ sprite_rock ]
/var/folders/zk/c875sq6109s4y0rmzjw5knr40000gn/T/_gbsbuild/obj/sprite_signpost_tileset.rel
                                          [ sprite_signpost_tileset ]
/var/folders/zk/c875sq6109s4y0rmzjw5knr40000gn/T/_gbsbuild/obj/sprite_signpost.rel
                                          [ sprite_signpost ]
/var/folders/zk/c875sq6109s4y0rmzjw5knr40000gn/T/_gbsbuild/obj/spritesheet_none.rel
                                          [ spritesheet_none ]
/var/folders/zk/c875sq6109s4y0rmzjw5knr40000gn/T/_gbsbuild/obj/tileset_default_frame.rel
                                          [ tileset_default_frame ]
/var/folders/zk/c875sq6109s4y0rmzjw5knr40000gn/T/_gbsbuild/obj/trigger_0_interact.rel
                                          [ trigger_0_interact ]
/var/folders/zk/c875sq6109s4y0rmzjw5knr40000gn/T/_gbsbuild/obj/trigger_1_interact.rel
                                          [ trigger_1_interact ]
/var/folders/zk/c875sq6109s4y0rmzjw5knr40000gn/T/_gbsbuild/obj/trigger_10_interact.rel
                                          [ trigger_10_interact ]
/var/folders/zk/c875sq6109s4y0rmzjw5knr40000gn/T/_gbsbuild/obj/trigger_11_interact.rel
                                          [ trigger_11_interact ]
/var/folders/zk/c875sq6109s4y0rmzjw5knr40000gn/T/_gbsbuild/obj/trigger_12_interact.rel
                                          [ trigger_12_interact ]
/var/folders/zk/c875sq6109s4y0rmzjw5knr40000gn/T/_gbsbuild/obj/trigger_13_interact.rel
                                          [ trigger_13_interact ]
/var/folders/zk/c875sq6109s4y0rmzjw5knr40000gn/T/_gbsbuild/obj/trigger_14_interact.rel
                                          [ trigger_14_interact ]
/var/folders/zk/c875sq6109s4y0rmzjw5knr40000gn/T/_gbsbuild/obj/trigger_19_interact.rel
                                          [ trigger_19_interact ]
/var/folders/zk/c875sq6109s4y0rmzjw5knr40000gn/T/_gbsbuild/obj/trigger_2_interact.rel
                                          [ trigger_2_interact ]
/var/folders/zk/c875sq6109s4y0rmzjw5knr40000gn/T/_gbsbuild/obj/trigger_20_interact.rel
                                          [ trigger_20_interact ]
/var/folders/zk/c875sq6109s4y0rmzjw5knr40000gn/T/_gbsbuild/obj/trigger_23_interact.rel
                                          [ trigger_23_interact ]
/var/folders/zk/c875sq6109s4y0rmzjw5knr40000gn/T/_gbsbuild/obj/trigger_24_interact.rel
                                          [ trigger_24_interact ]
/var/folders/zk/c875sq6109s4y0rmzjw5knr40000gn/T/_gbsbuild/obj/trigger_25_interact.rel
                                          [ trigger_25_interact ]
/var/folders/zk/c875sq6109s4y0rmzjw5knr40000gn/T/_gbsbuild/obj/trigger_26_interact.rel
                                          [ trigger_26_interact ]
/var/folders/zk/c875sq6109s4y0rmzjw5knr40000gn/T/_gbsbuild/obj/trigger_3_interact.rel
                                          [ trigger_3_interact ]
/var/folders/zk/c875sq6109s4y0rmzjw5knr40000gn/T/_gbsbuild/obj/trigger_4_interact.rel
                                          [ trigger_4_interact ]
/var/folders/zk/c875sq6109s4y0rmzjw5knr40000gn/T/_gbsbuild/obj/trigger_45_interact.rel
                                          [ trigger_45_interact ]
/var/folders/zk/c875sq6109s4y0rmzjw5knr40000gn/T/_gbsbuild/obj/trigger_5_interact.rel
                                          [ trigger_5_interact ]
/var/folders/zk/c875sq6109s4y0rmzjw5knr40000gn/T/_gbsbuild/obj/trigger_6_interact.rel
                                          [ trigger_6_interact ]
/var/folders/zk/c875sq6109s4y0rmzjw5knr40000gn/T/_gbsbuild/obj/trigger_7_interact.rel
                                          [ trigger_7_interact ]
/var/folders/zk/c875sq6109s4y0rmzjw5knr40000gn/T/_gbsbuild/obj/trigger_8_interact.rel
                                          [ trigger_8_interact ]
/var/folders/zk/c875sq6109s4y0rmzjw5knr40000gn/T/_gbsbuild/obj/trigger_9_interact.rel
                                          [ trigger_9_interact ]
/var/folders/zk/c875sq6109s4y0rmzjw5knr40000gn/T/_gbsbuild/obj/main.rel
                                          [ main ]
/var/folders/zk/c875sq6109s4y0rmzjw5knr40000gn/T/_gbsbuild/obj/logo.rel
                                          [ logo ]
/var/folders/zk/c875sq6109s4y0rmzjw5knr40000gn/T/_gbsbuild/obj/pointnclick.rel
                                          [ pointnclick ]
/var/folders/zk/c875sq6109s4y0rmzjw5knr40000gn/T/_gbsbuild/obj/states_ptrs.rel
                                          [  ]
/var/folders/zk/c875sq6109s4y0rmzjw5knr40000gn/T/_gbsbuild/obj/topdown.rel
                                          [ topdown ]


Libraries Linked                          [ object file ]

/var/folders/zk/c875sq6109s4y0rmzjw5knr40000gn/T/_gbstools/gbdk/lib/gb/gb.lib
                                          [ fill_rect_wi.o ]
/var/folders/zk/c875sq6109s4y0rmzjw5knr40000gn/T/_gbstools/gbdk/lib/sm83/sm83.lib
                                          [ rand.o ]
lib/hUGEDriver.lib                        [ hUGEDriver.o ]
/var/folders/zk/c875sq6109s4y0rmzjw5knr40000gn/T/_gbstools/gbdk/lib/gb/gb.lib
                                          [ sfr.o ]
/var/folders/zk/c875sq6109s4y0rmzjw5knr40000gn/T/_gbstools/gbdk/lib/gb/gb.lib
                                          [ get_data.o ]
/var/folders/zk/c875sq6109s4y0rmzjw5knr40000gn/T/_gbstools/gbdk/lib/gb/gb.lib
                                          [ get_tile.o ]
/var/folders/zk/c875sq6109s4y0rmzjw5knr40000gn/T/_gbstools/gbdk/lib/gb/gb.lib
                                          [ cgb_palettes.o ]
/var/folders/zk/c875sq6109s4y0rmzjw5knr40000gn/T/_gbstools/gbdk/lib/gb/gb.lib
                                          [ metasprites_hide_spr.o ]
/var/folders/zk/c875sq6109s4y0rmzjw5knr40000gn/T/_gbstools/gbdk/lib/sm83/sm83.lib
                                          [ mul.o ]
/var/folders/zk/c875sq6109s4y0rmzjw5knr40000gn/T/_gbstools/gbdk/lib/gb/gb.lib
                                          [ set_tile.o ]
/var/folders/zk/c875sq6109s4y0rmzjw5knr40000gn/T/_gbstools/gbdk/lib/sm83/sm83.lib
                                          [ abs.o ]
/var/folders/zk/c875sq6109s4y0rmzjw5knr40000gn/T/_gbstools/gbdk/lib/gb/gb.lib
                                          [ set_wi_t.o ]
/var/folders/zk/c875sq6109s4y0rmzjw5knr40000gn/T/_gbstools/gbdk/lib/gb/gb.lib
                                          [ set_data.o ]
/var/folders/zk/c875sq6109s4y0rmzjw5knr40000gn/T/_gbstools/gbdk/lib/sm83/sm83.lib
                                          [ reverse.o ]
/var/folders/zk/c875sq6109s4y0rmzjw5knr40000gn/T/_gbstools/gbdk/lib/gb/gb.lib
                                          [ far_ptr.o ]
/var/folders/zk/c875sq6109s4y0rmzjw5knr40000gn/T/_gbstools/gbdk/lib/gb/gb.lib
                                          [ sgb.o ]
/var/folders/zk/c875sq6109s4y0rmzjw5knr40000gn/T/_gbstools/gbdk/lib/gb/gb.lib
                                          [ lcd.o ]
/var/folders/zk/c875sq6109s4y0rmzjw5knr40000gn/T/_gbstools/gbdk/lib/gb/gb.lib
                                          [ fill_rect.o ]
/var/folders/zk/c875sq6109s4y0rmzjw5knr40000gn/T/_gbstools/gbdk/lib/gb/gb.lib
                                          [ cpy_data.o ]
/var/folders/zk/c875sq6109s4y0rmzjw5knr40000gn/T/_gbstools/gbdk/lib/gb/gb.lib
                                          [ fill_rect_bk.o ]
/var/folders/zk/c875sq6109s4y0rmzjw5knr40000gn/T/_gbstools/gbdk/lib/gb/gb.lib
                                          [ pad.o ]
/var/folders/zk/c875sq6109s4y0rmzjw5knr40000gn/T/_gbstools/gbdk/lib/gb/gb.lib
                                          [ metasprites.o ]
/var/folders/zk/c875sq6109s4y0rmzjw5knr40000gn/T/_gbstools/gbdk/lib/sm83/sm83.lib
                                          [ __sdcc_call_hl.o ]
/var/folders/zk/c875sq6109s4y0rmzjw5knr40000gn/T/_gbstools/gbdk/lib/sm83/sm83.lib
                                          [ memcpy.o ]
/var/folders/zk/c875sq6109s4y0rmzjw5knr40000gn/T/_gbstools/gbdk/lib/sm83/sm83.lib
                                          [ _memset.o ]
/var/folders/zk/c875sq6109s4y0rmzjw5knr40000gn/T/_gbstools/gbdk/lib/gb/gb.lib
                                          [ set_xy_t.o ]
/var/folders/zk/c875sq6109s4y0rmzjw5knr40000gn/T/_gbstools/gbdk/lib/gb/gb.lib
                                          [ ___sdcc_bcall_ehl.o ]
/var/folders/zk/c875sq6109s4y0rmzjw5knr40000gn/T/_gbstools/gbdk/lib/gb/gb.lib
                                          [ cgb.o ]
/var/folders/zk/c875sq6109s4y0rmzjw5knr40000gn/T/_gbstools/gbdk/lib/sm83/sm83.lib
                                          [ div.o ]
/var/folders/zk/c875sq6109s4y0rmzjw5knr40000gn/T/_gbstools/gbdk/lib/gb/gb.lib
                                          [ set_bk_t.o ]

ASxxxx Linker V03.00/V05.40 + sdld,  page 90.

User Base Address Definitions

_DATA=0xC0A0
_CODE=0x0200
ASxxxx Linker V03.00/V05.40 + sdld,  page 91.

User Global Definitions

.STACK=0xDF00
_shadow_OAM=0xC000
.refresh_OAM=0xFF80
__start_save=12

